Archive member included to satisfy reference by file (symbol)

c:/st/stm32cubeide_1.9.0/stm32cubeide/plugins/com.st.stm32cube.ide.mcu.externaltools.gnu-tools-for-stm32.10.3-2021.10.win32_1.0.0.202111181127/tools/bin/../lib/gcc/arm-none-eabi/10.3.1/../../../../arm-none-eabi/lib/thumb/v7e-m+fp/hard\libc_nano.a(lib_a-errno.o)
                              ./Core/Src/syscalls.o (__errno)
c:/st/stm32cubeide_1.9.0/stm32cubeide/plugins/com.st.stm32cube.ide.mcu.externaltools.gnu-tools-for-stm32.10.3-2021.10.win32_1.0.0.202111181127/tools/bin/../lib/gcc/arm-none-eabi/10.3.1/../../../../arm-none-eabi/lib/thumb/v7e-m+fp/hard\libc_nano.a(lib_a-exit.o)
                              c:/st/stm32cubeide_1.9.0/stm32cubeide/plugins/com.st.stm32cube.ide.mcu.externaltools.gnu-tools-for-stm32.10.3-2021.10.win32_1.0.0.202111181127/tools/bin/../lib/gcc/arm-none-eabi/10.3.1/../../../../arm-none-eabi/lib/thumb/v7e-m+fp/hard/crt0.o (exit)
c:/st/stm32cubeide_1.9.0/stm32cubeide/plugins/com.st.stm32cube.ide.mcu.externaltools.gnu-tools-for-stm32.10.3-2021.10.win32_1.0.0.202111181127/tools/bin/../lib/gcc/arm-none-eabi/10.3.1/../../../../arm-none-eabi/lib/thumb/v7e-m+fp/hard\libc_nano.a(lib_a-impure.o)
                              c:/st/stm32cubeide_1.9.0/stm32cubeide/plugins/com.st.stm32cube.ide.mcu.externaltools.gnu-tools-for-stm32.10.3-2021.10.win32_1.0.0.202111181127/tools/bin/../lib/gcc/arm-none-eabi/10.3.1/../../../../arm-none-eabi/lib/thumb/v7e-m+fp/hard\libc_nano.a(lib_a-exit.o) (_global_impure_ptr)
c:/st/stm32cubeide_1.9.0/stm32cubeide/plugins/com.st.stm32cube.ide.mcu.externaltools.gnu-tools-for-stm32.10.3-2021.10.win32_1.0.0.202111181127/tools/bin/../lib/gcc/arm-none-eabi/10.3.1/../../../../arm-none-eabi/lib/thumb/v7e-m+fp/hard\libc_nano.a(lib_a-init.o)
                              c:/st/stm32cubeide_1.9.0/stm32cubeide/plugins/com.st.stm32cube.ide.mcu.externaltools.gnu-tools-for-stm32.10.3-2021.10.win32_1.0.0.202111181127/tools/bin/../lib/gcc/arm-none-eabi/10.3.1/../../../../arm-none-eabi/lib/thumb/v7e-m+fp/hard/crt0.o (__libc_init_array)
c:/st/stm32cubeide_1.9.0/stm32cubeide/plugins/com.st.stm32cube.ide.mcu.externaltools.gnu-tools-for-stm32.10.3-2021.10.win32_1.0.0.202111181127/tools/bin/../lib/gcc/arm-none-eabi/10.3.1/../../../../arm-none-eabi/lib/thumb/v7e-m+fp/hard\libc_nano.a(lib_a-memcpy-stub.o)
                              ./Middlewares/Third_Party/FreeRTOS/Source/CMSIS_RTOS_V2/cmsis_os2.o (memcpy)
c:/st/stm32cubeide_1.9.0/stm32cubeide/plugins/com.st.stm32cube.ide.mcu.externaltools.gnu-tools-for-stm32.10.3-2021.10.win32_1.0.0.202111181127/tools/bin/../lib/gcc/arm-none-eabi/10.3.1/../../../../arm-none-eabi/lib/thumb/v7e-m+fp/hard\libc_nano.a(lib_a-memset.o)
                              c:/st/stm32cubeide_1.9.0/stm32cubeide/plugins/com.st.stm32cube.ide.mcu.externaltools.gnu-tools-for-stm32.10.3-2021.10.win32_1.0.0.202111181127/tools/bin/../lib/gcc/arm-none-eabi/10.3.1/../../../../arm-none-eabi/lib/thumb/v7e-m+fp/hard/crt0.o (memset)
c:/st/stm32cubeide_1.9.0/stm32cubeide/plugins/com.st.stm32cube.ide.mcu.externaltools.gnu-tools-for-stm32.10.3-2021.10.win32_1.0.0.202111181127/tools/bin/../lib/gcc/arm-none-eabi/10.3.1/thumb/v7e-m+fp/hard\libgcc.a(_aeabi_uldivmod.o)
                              ./Drivers/STM32F4xx_HAL_Driver/Src/stm32f4xx_hal_rcc.o (__aeabi_uldivmod)
c:/st/stm32cubeide_1.9.0/stm32cubeide/plugins/com.st.stm32cube.ide.mcu.externaltools.gnu-tools-for-stm32.10.3-2021.10.win32_1.0.0.202111181127/tools/bin/../lib/gcc/arm-none-eabi/10.3.1/thumb/v7e-m+fp/hard\libgcc.a(_udivmoddi4.o)
                              c:/st/stm32cubeide_1.9.0/stm32cubeide/plugins/com.st.stm32cube.ide.mcu.externaltools.gnu-tools-for-stm32.10.3-2021.10.win32_1.0.0.202111181127/tools/bin/../lib/gcc/arm-none-eabi/10.3.1/thumb/v7e-m+fp/hard\libgcc.a(_aeabi_uldivmod.o) (__udivmoddi4)
c:/st/stm32cubeide_1.9.0/stm32cubeide/plugins/com.st.stm32cube.ide.mcu.externaltools.gnu-tools-for-stm32.10.3-2021.10.win32_1.0.0.202111181127/tools/bin/../lib/gcc/arm-none-eabi/10.3.1/thumb/v7e-m+fp/hard\libgcc.a(_dvmd_tls.o)
                              c:/st/stm32cubeide_1.9.0/stm32cubeide/plugins/com.st.stm32cube.ide.mcu.externaltools.gnu-tools-for-stm32.10.3-2021.10.win32_1.0.0.202111181127/tools/bin/../lib/gcc/arm-none-eabi/10.3.1/thumb/v7e-m+fp/hard\libgcc.a(_aeabi_uldivmod.o) (__aeabi_ldiv0)

Discarded input sections

 .text          0x0000000000000000        0x0 c:/st/stm32cubeide_1.9.0/stm32cubeide/plugins/com.st.stm32cube.ide.mcu.externaltools.gnu-tools-for-stm32.10.3-2021.10.win32_1.0.0.202111181127/tools/bin/../lib/gcc/arm-none-eabi/10.3.1/thumb/v7e-m+fp/hard/crti.o
 .data          0x0000000000000000        0x0 c:/st/stm32cubeide_1.9.0/stm32cubeide/plugins/com.st.stm32cube.ide.mcu.externaltools.gnu-tools-for-stm32.10.3-2021.10.win32_1.0.0.202111181127/tools/bin/../lib/gcc/arm-none-eabi/10.3.1/thumb/v7e-m+fp/hard/crti.o
[...]
Memory Configuration

Name             Origin             Length             Attributes
CCMRAM           0x0000000010000000 0x0000000000010000 xrw
RAM              0x0000000020000000 0x0000000000020000 xrw
FLASH            0x0000000008000000 0x0000000000100000 xr
*default*        0x0000000000000000 0xffffffffffffffff

Linker script and memory map

LOAD c:/st/stm32cubeide_1.9.0/stm32cubeide/plugins/com.st.stm32cube.ide.mcu.externaltools.gnu-tools-for-stm32.10.3-2021.10.win32_1.0.0.202111181127/tools/bin/../lib/gcc/arm-none-eabi/10.3.1/thumb/v7e-m+fp/hard/crti.o
LOAD c:/st/stm32cubeide_1.9.0/stm32cubeide/plugins/com.st.stm32cube.ide.mcu.externaltools.gnu-tools-for-stm32.10.3-2021.10.win32_1.0.0.202111181127/tools/bin/../lib/gcc/arm-none-eabi/10.3.1/thumb/v7e-m+fp/hard/crtbegin.o
LOAD c:/st/stm32cubeide_1.9.0/stm32cubeide/plugins/com.st.stm32cube.ide.mcu.externaltools.gnu-tools-for-stm32.10.3-2021.10.win32_1.0.0.202111181127/tools/bin/../lib/gcc/arm-none-eabi/10.3.1/../../../../arm-none-eabi/lib/thumb/v7e-m+fp/hard/crt0.o
LOAD ./Core/Src/exti.o
LOAD ./Core/Src/freertos.o
LOAD ./Core/Src/led.o
LOAD ./Core/Src/main.o
LOAD ./Core/Src/stm32f4xx_hal_msp.o
LOAD ./Core/Src/stm32f4xx_hal_timebase_tim.o
LOAD ./Core/Src/stm32f4xx_it.o
LOAD ./Core/Src/syscalls.o
LOAD ./Core/Src/sysmem.o
LOAD ./Core/Src/system_stm32f4xx.o
LOAD ./Core/Src/uart.o
LOAD ./Core/Startup/startup_stm32f407vgtx.o
LOAD ./Drivers/STM32F4xx_HAL_Driver/Src/stm32f4xx_hal.o
LOAD ./Drivers/STM32F4xx_HAL_Driver/Src/stm32f4xx_hal_cortex.o
LOAD ./Drivers/STM32F4xx_HAL_Driver/Src/stm32f4xx_hal_dma.o
LOAD ./Drivers/STM32F4xx_HAL_Driver/Src/stm32f4xx_hal_dma_ex.o
LOAD ./Drivers/STM32F4xx_HAL_Driver/Src/stm32f4xx_hal_exti.o
LOAD ./Drivers/STM32F4xx_HAL_Driver/Src/stm32f4xx_hal_flash.o
LOAD ./Drivers/STM32F4xx_HAL_Driver/Src/stm32f4xx_hal_flash_ex.o
LOAD ./Drivers/STM32F4xx_HAL_Driver/Src/stm32f4xx_hal_flash_ramfunc.o
LOAD ./Drivers/STM32F4xx_HAL_Driver/Src/stm32f4xx_hal_gpio.o
LOAD ./Drivers/STM32F4xx_HAL_Driver/Src/stm32f4xx_hal_pwr.o
LOAD ./Drivers/STM32F4xx_HAL_Driver/Src/stm32f4xx_hal_pwr_ex.o
LOAD ./Drivers/STM32F4xx_HAL_Driver/Src/stm32f4xx_hal_rcc.o
LOAD ./Drivers/STM32F4xx_HAL_Driver/Src/stm32f4xx_hal_rcc_ex.o
LOAD ./Drivers/STM32F4xx_HAL_Driver/Src/stm32f4xx_hal_tim.o
LOAD ./Drivers/STM32F4xx_HAL_Driver/Src/stm32f4xx_hal_tim_ex.o
LOAD ./Drivers/STM32F4xx_HAL_Driver/Src/stm32f4xx_hal_uart.o
LOAD ./Middlewares/Third_Party/FreeRTOS/Source/CMSIS_RTOS_V2/cmsis_os2.o
LOAD ./Middlewares/Third_Party/FreeRTOS/Source/croutine.o
LOAD ./Middlewares/Third_Party/FreeRTOS/Source/event_groups.o
LOAD ./Middlewares/Third_Party/FreeRTOS/Source/list.o
LOAD ./Middlewares/Third_Party/FreeRTOS/Source/queue.o
LOAD ./Middlewares/Third_Party/FreeRTOS/Source/stream_buffer.o
LOAD ./Middlewares/Third_Party/FreeRTOS/Source/tasks.o
LOAD ./Middlewares/Third_Party/FreeRTOS/Source/timers.o
LOAD ./Middlewares/Third_Party/FreeRTOS/Source/portable/GCC/ARM_CM4F/port.o
LOAD ./Middlewares/Third_Party/FreeRTOS/Source/portable/MemMang/heap_4.o
START GROUP
LOAD c:/st/stm32cubeide_1.9.0/stm32cubeide/plugins/com.st.stm32cube.ide.mcu.externaltools.gnu-tools-for-stm32.10.3-2021.10.win32_1.0.0.202111181127/tools/bin/../lib/gcc/arm-none-eabi/10.3.1/../../../../arm-none-eabi/lib/thumb/v7e-m+fp/hard\libc_nano.a
LOAD c:/st/stm32cubeide_1.9.0/stm32cubeide/plugins/com.st.stm32cube.ide.mcu.externaltools.gnu-tools-for-stm32.10.3-2021.10.win32_1.0.0.202111181127/tools/bin/../lib/gcc/arm-none-eabi/10.3.1/../../../../arm-none-eabi/lib/thumb/v7e-m+fp/hard\libm.a
END GROUP
START GROUP
LOAD c:/st/stm32cubeide_1.9.0/stm32cubeide/plugins/com.st.stm32cube.ide.mcu.externaltools.gnu-tools-for-stm32.10.3-2021.10.win32_1.0.0.202111181127/tools/bin/../lib/gcc/arm-none-eabi/10.3.1/thumb/v7e-m+fp/hard\libgcc.a
LOAD c:/st/stm32cubeide_1.9.0/stm32cubeide/plugins/com.st.stm32cube.ide.mcu.externaltools.gnu-tools-for-stm32.10.3-2021.10.win32_1.0.0.202111181127/tools/bin/../lib/gcc/arm-none-eabi/10.3.1/../../../../arm-none-eabi/lib/thumb/v7e-m+fp/hard\libc_nano.a
END GROUP
START GROUP
LOAD c:/st/stm32cubeide_1.9.0/stm32cubeide/plugins/com.st.stm32cube.ide.mcu.externaltools.gnu-tools-for-stm32.10.3-2021.10.win32_1.0.0.202111181127/tools/bin/../lib/gcc/arm-none-eabi/10.3.1/thumb/v7e-m+fp/hard\libgcc.a
LOAD c:/st/stm32cubeide_1.9.0/stm32cubeide/plugins/com.st.stm32cube.ide.mcu.externaltools.gnu-tools-for-stm32.10.3-2021.10.win32_1.0.0.202111181127/tools/bin/../lib/gcc/arm-none-eabi/10.3.1/../../../../arm-none-eabi/lib/thumb/v7e-m+fp/hard\libc_nano.a
LOAD c:/st/stm32cubeide_1.9.0/stm32cubeide/plugins/com.st.stm32cube.ide.mcu.externaltools.gnu-tools-for-stm32.10.3-2021.10.win32_1.0.0.202111181127/tools/bin/../lib/gcc/arm-none-eabi/10.3.1/../../../../arm-none-eabi/lib/thumb/v7e-m+fp/hard\libnosys.a
END GROUP
START GROUP
LOAD c:/st/stm32cubeide_1.9.0/stm32cubeide/plugins/com.st.stm32cube.ide.mcu.externaltools.gnu-tools-for-stm32.10.3-2021.10.win32_1.0.0.202111181127/tools/bin/../lib/gcc/arm-none-eabi/10.3.1/thumb/v7e-m+fp/hard\libgcc.a
LOAD c:/st/stm32cubeide_1.9.0/stm32cubeide/plugins/com.st.stm32cube.ide.mcu.externaltools.gnu-tools-for-stm32.10.3-2021.10.win32_1.0.0.202111181127/tools/bin/../lib/gcc/arm-none-eabi/10.3.1/../../../../arm-none-eabi/lib/thumb/v7e-m+fp/hard\libc_nano.a
LOAD c:/st/stm32cubeide_1.9.0/stm32cubeide/plugins/com.st.stm32cube.ide.mcu.externaltools.gnu-tools-for-stm32.10.3-2021.10.win32_1.0.0.202111181127/tools/bin/../lib/gcc/arm-none-eabi/10.3.1/../../../../arm-none-eabi/lib/thumb/v7e-m+fp/hard\libnosys.a
END GROUP
LOAD c:/st/stm32cubeide_1.9.0/stm32cubeide/plugins/com.st.stm32cube.ide.mcu.externaltools.gnu-tools-for-stm32.10.3-2021.10.win32_1.0.0.202111181127/tools/bin/../lib/gcc/arm-none-eabi/10.3.1/thumb/v7e-m+fp/hard/crtend.o
LOAD c:/st/stm32cubeide_1.9.0/stm32cubeide/plugins/com.st.stm32cube.ide.mcu.externaltools.gnu-tools-for-stm32.10.3-2021.10.win32_1.0.0.202111181127/tools/bin/../lib/gcc/arm-none-eabi/10.3.1/thumb/v7e-m+fp/hard/crtn.o
                0x0000000020020000                _estack = (ORIGIN (RAM) + LENGTH (RAM))
                0x0000000000000200                _Min_Heap_Size = 0x200
                0x0000000000000400                _Min_Stack_Size = 0x400

.isr_vector     0x0000000008000000      0x188
                0x0000000008000000                . = ALIGN (0x4)
 *(.isr_vector)
 .isr_vector    0x0000000008000000      0x188 ./Core/Startup/startup_stm32f407vgtx.o
                0x0000000008000000                g_pfnVectors
                0x0000000008000188                . = ALIGN (0x4)

.text           0x0000000008000190     0x3008
                0x0000000008000190                . = ALIGN (0x4)
 *(.text)
 .text          0x0000000008000190       0x40 c:/st/stm32cubeide_1.9.0/stm32cubeide/plugins/com.st.stm32cube.ide.mcu.externaltools.gnu-tools-for-stm32.10.3-2021.10.win32_1.0.0.202111181127/tools/bin/../lib/gcc/arm-none-eabi/10.3.1/thumb/v7e-m+fp/hard/crtbegin.o
 *(.text*)
 .text.__NVIC_EnableIRQ
                0x00000000080001d0       0x3c ./Core/Src/exti.o
 .text.pa0_exti_init
                0x000000000800020c       0x6c ./Core/Src/exti.o
                0x000000000800020c                pa0_exti_init
 .text.led_init
                0x0000000008000278       0x54 ./Core/Src/led.o
                0x0000000008000278                led_init
 .text.led_toggle
                0x00000000080002cc       0x20 ./Core/Src/led.o
                0x00000000080002cc                led_toggle
 .text.Task1    0x00000000080002ec       0x1c ./Core/Src/main.o
                0x00000000080002ec                Task1
 .text.Task2    0x0000000008000308       0x18 ./Core/Src/main.o
                0x0000000008000308                Task2
 .text.main     0x0000000008000320       0x5c ./Core/Src/main.o
                0x0000000008000320                main
 .text.NMI_Handler
                0x000000000800037c        0x6 ./Core/Src/stm32f4xx_it.o
                0x000000000800037c                NMI_Handler
 .text.HardFault_Handler
                0x0000000008000382        0x6 ./Core/Src/stm32f4xx_it.o
                0x0000000008000382                HardFault_Handler
 .text.MemManage_Handler
                0x0000000008000388        0x6 ./Core/Src/stm32f4xx_it.o
                0x0000000008000388                MemManage_Handler
 .text.BusFault_Handler
                0x000000000800038e        0x6 ./Core/Src/stm32f4xx_it.o
                0x000000000800038e                BusFault_Handler
 .text.UsageFault_Handler
                0x0000000008000394        0x6 ./Core/Src/stm32f4xx_it.o
                0x0000000008000394                UsageFault_Handler
 .text.DebugMon_Handler
                0x000000000800039a        0xe ./Core/Src/stm32f4xx_it.o
                0x000000000800039a                DebugMon_Handler
 .text.TIM1_UP_TIM10_IRQHandler
                0x00000000080003a8       0x14 ./Core/Src/stm32f4xx_it.o
                0x00000000080003a8                TIM1_UP_TIM10_IRQHandler
 .text.SystemInit
                0x00000000080003bc       0x24 ./Core/Src/system_stm32f4xx.o
                0x00000000080003bc                SystemInit
 .text.uart2_tx_init
                0x00000000080003e0       0x98 ./Core/Src/uart.o
                0x00000000080003e0                uart2_tx_init
 .text.uart2_write_char
                0x0000000008000478       0x30 ./Core/Src/uart.o
                0x0000000008000478                uart2_write_char
 .text.uart2_write_string
                0x00000000080004a8       0x2a ./Core/Src/uart.o
                0x00000000080004a8                uart2_write_string
 .text.uart_set_baudrate
                0x00000000080004d2       0x24 ./Core/Src/uart.o
 .text.compute_uart_bd
                0x00000000080004f6       0x26 ./Core/Src/uart.o
 .text.Reset_Handler
                0x000000000800051c       0x50 ./Core/Startup/startup_stm32f407vgtx.o
                0x000000000800051c                Reset_Handler
 .text.Default_Handler
                0x000000000800056c        0x2 ./Core/Startup/startup_stm32f407vgtx.o
                0x000000000800056c                RTC_Alarm_IRQHandler
                0x000000000800056c                HASH_RNG_IRQHandler
                0x000000000800056c                EXTI2_IRQHandler
                0x000000000800056c                TIM8_CC_IRQHandler
                0x000000000800056c                TIM1_CC_IRQHandler
                0x000000000800056c                DMA2_Stream5_IRQHandler
                0x000000000800056c                DMA1_Stream5_IRQHandler
                0x000000000800056c                PVD_IRQHandler
                0x000000000800056c                SDIO_IRQHandler
                0x000000000800056c                TAMP_STAMP_IRQHandler
                0x000000000800056c                CAN2_RX1_IRQHandler
                0x000000000800056c                EXTI3_IRQHandler
                0x000000000800056c                TIM8_TRG_COM_TIM14_IRQHandler
                0x000000000800056c                TIM8_UP_TIM13_IRQHandler
                0x000000000800056c                I2C3_ER_IRQHandler
                0x000000000800056c                EXTI0_IRQHandler
                0x000000000800056c                I2C2_EV_IRQHandler
                0x000000000800056c                DMA1_Stream2_IRQHandler
                0x000000000800056c                CAN1_RX0_IRQHandler
                0x000000000800056c                FPU_IRQHandler
                0x000000000800056c                OTG_HS_WKUP_IRQHandler
                0x000000000800056c                CAN2_SCE_IRQHandler
                0x000000000800056c                DMA2_Stream2_IRQHandler
                0x000000000800056c                SPI1_IRQHandler
                0x000000000800056c                TIM6_DAC_IRQHandler
                0x000000000800056c                TIM1_BRK_TIM9_IRQHandler
                0x000000000800056c                DCMI_IRQHandler
                0x000000000800056c                CAN2_RX0_IRQHandler
                0x000000000800056c                DMA2_Stream3_IRQHandler
                0x000000000800056c                USART6_IRQHandler
                0x000000000800056c                USART3_IRQHandler
                0x000000000800056c                CAN1_RX1_IRQHandler
                0x000000000800056c                UART5_IRQHandler
                0x000000000800056c                DMA2_Stream0_IRQHandler
                0x000000000800056c                TIM4_IRQHandler
                0x000000000800056c                I2C1_EV_IRQHandler
                0x000000000800056c                DMA1_Stream6_IRQHandler
                0x000000000800056c                DMA1_Stream1_IRQHandler
                0x000000000800056c                UART4_IRQHandler
                0x000000000800056c                TIM3_IRQHandler
                0x000000000800056c                RCC_IRQHandler
                0x000000000800056c                TIM8_BRK_TIM12_IRQHandler
                0x000000000800056c                Default_Handler
                0x000000000800056c                EXTI15_10_IRQHandler
                0x000000000800056c                ADC_IRQHandler
                0x000000000800056c                DMA1_Stream7_IRQHandler
                0x000000000800056c                TIM7_IRQHandler
                0x000000000800056c                CAN2_TX_IRQHandler
                0x000000000800056c                TIM5_IRQHandler
                0x000000000800056c                DMA2_Stream7_IRQHandler
                0x000000000800056c                I2C3_EV_IRQHandler
                0x000000000800056c                EXTI9_5_IRQHandler
                0x000000000800056c                RTC_WKUP_IRQHandler
                0x000000000800056c                ETH_WKUP_IRQHandler
                0x000000000800056c                SPI2_IRQHandler
                0x000000000800056c                OTG_HS_EP1_IN_IRQHandler
                0x000000000800056c                DMA1_Stream0_IRQHandler
                0x000000000800056c                CAN1_TX_IRQHandler
                0x000000000800056c                EXTI4_IRQHandler
                0x000000000800056c                FSMC_IRQHandler
                0x000000000800056c                ETH_IRQHandler
                0x000000000800056c                OTG_HS_EP1_OUT_IRQHandler
                0x000000000800056c                WWDG_IRQHandler
                0x000000000800056c                TIM2_IRQHandler
                0x000000000800056c                OTG_FS_WKUP_IRQHandler
                0x000000000800056c                TIM1_TRG_COM_TIM11_IRQHandler
                0x000000000800056c                OTG_HS_IRQHandler
                0x000000000800056c                EXTI1_IRQHandler
                0x000000000800056c                USART2_IRQHandler
                0x000000000800056c                I2C2_ER_IRQHandler
                0x000000000800056c                DMA2_Stream1_IRQHandler
                0x000000000800056c                CAN1_SCE_IRQHandler
                0x000000000800056c                FLASH_IRQHandler
                0x000000000800056c                DMA2_Stream4_IRQHandler
                0x000000000800056c                USART1_IRQHandler
                0x000000000800056c                OTG_FS_IRQHandler
                0x000000000800056c                SPI3_IRQHandler
                0x000000000800056c                DMA1_Stream4_IRQHandler
                0x000000000800056c                I2C1_ER_IRQHandler
                0x000000000800056c                DMA2_Stream6_IRQHandler
                0x000000000800056c                DMA1_Stream3_IRQHandler
 .text.HAL_GPIO_TogglePin
                0x000000000800056e       0x34 ./Drivers/STM32F4xx_HAL_Driver/Src/stm32f4xx_hal_gpio.o
                0x000000000800056e                HAL_GPIO_TogglePin
 .text.HAL_TIM_IRQHandler
                0x00000000080005a2      0x210 ./Drivers/STM32F4xx_HAL_Driver/Src/stm32f4xx_hal_tim.o
                0x00000000080005a2                HAL_TIM_IRQHandler
 .text.HAL_TIM_PeriodElapsedCallback
                0x00000000080007b2       0x14 ./Drivers/STM32F4xx_HAL_Driver/Src/stm32f4xx_hal_tim.o
                0x00000000080007b2                HAL_TIM_PeriodElapsedCallback
 .text.HAL_TIM_OC_DelayElapsedCallback
                0x00000000080007c6       0x14 ./Drivers/STM32F4xx_HAL_Driver/Src/stm32f4xx_hal_tim.o
                0x00000000080007c6                HAL_TIM_OC_DelayElapsedCallback
 .text.HAL_TIM_IC_CaptureCallback
                0x00000000080007da       0x14 ./Drivers/STM32F4xx_HAL_Driver/Src/stm32f4xx_hal_tim.o
                0x00000000080007da                HAL_TIM_IC_CaptureCallback
 .text.HAL_TIM_PWM_PulseFinishedCallback
                0x00000000080007ee       0x14 ./Drivers/STM32F4xx_HAL_Driver/Src/stm32f4xx_hal_tim.o
                0x00000000080007ee                HAL_TIM_PWM_PulseFinishedCallback
 .text.HAL_TIM_TriggerCallback
                0x0000000008000802       0x14 ./Drivers/STM32F4xx_HAL_Driver/Src/stm32f4xx_hal_tim.o
                0x0000000008000802                HAL_TIM_TriggerCallback
 .text.HAL_TIMEx_CommutCallback
                0x0000000008000816       0x14 ./Drivers/STM32F4xx_HAL_Driver/Src/stm32f4xx_hal_tim_ex.o
                0x0000000008000816                HAL_TIMEx_CommutCallback
 .text.HAL_TIMEx_BreakCallback
                0x000000000800082a       0x14 ./Drivers/STM32F4xx_HAL_Driver/Src/stm32f4xx_hal_tim_ex.o
                0x000000000800082a                HAL_TIMEx_BreakCallback
 *fill*         0x000000000800083e        0x2 
 .text.SysTick_Handler
                0x0000000008000840       0x20 ./Middlewares/Third_Party/FreeRTOS/Source/CMSIS_RTOS_V2/cmsis_os2.o
                0x0000000008000840                SysTick_Handler
 .text.vApplicationGetIdleTaskMemory
                0x0000000008000860       0x34 ./Middlewares/Third_Party/FreeRTOS/Source/CMSIS_RTOS_V2/cmsis_os2.o
                0x0000000008000860                vApplicationGetIdleTaskMemory
 .text.vApplicationGetTimerTaskMemory
                0x0000000008000894       0x34 ./Middlewares/Third_Party/FreeRTOS/Source/CMSIS_RTOS_V2/cmsis_os2.o
                0x0000000008000894                vApplicationGetTimerTaskMemory
 .text.vListInitialise
                0x00000000080008c8       0x40 ./Middlewares/Third_Party/FreeRTOS/Source/list.o
                0x00000000080008c8                vListInitialise
 .text.vListInitialiseItem
                0x0000000008000908       0x1a ./Middlewares/Third_Party/FreeRTOS/Source/list.o
                0x0000000008000908                vListInitialiseItem
 .text.vListInsertEnd
                0x0000000008000922       0x48 ./Middlewares/Third_Party/FreeRTOS/Source/list.o
                0x0000000008000922                vListInsertEnd
 .text.vListInsert
                0x000000000800096a       0x72 ./Middlewares/Third_Party/FreeRTOS/Source/list.o
                0x000000000800096a                vListInsert
 .text.uxListRemove
                0x00000000080009dc       0x54 ./Middlewares/Third_Party/FreeRTOS/Source/list.o
                0x00000000080009dc                uxListRemove
 .text.xQueueGenericReset
                0x0000000008000a30       0xd0 ./Middlewares/Third_Party/FreeRTOS/Source/queue.o
                0x0000000008000a30                xQueueGenericReset
 .text.xQueueGenericCreateStatic
                0x0000000008000b00       0xf0 ./Middlewares/Third_Party/FreeRTOS/Source/queue.o
                0x0000000008000b00                xQueueGenericCreateStatic
 .text.prvInitialiseNewQueue
                0x0000000008000bf0       0x46 ./Middlewares/Third_Party/FreeRTOS/Source/queue.o
 *fill*         0x0000000008000c36        0x2 
 .text.xQueueGenericSend
                0x0000000008000c38      0x1fc ./Middlewares/Third_Party/FreeRTOS/Source/queue.o
                0x0000000008000c38                xQueueGenericSend
 .text.xQueueGenericSendFromISR
                0x0000000008000e34      0x136 ./Middlewares/Third_Party/FreeRTOS/Source/queue.o
                0x0000000008000e34                xQueueGenericSendFromISR
 *fill*         0x0000000008000f6a        0x2 
 .text.xQueueReceive
                0x0000000008000f6c      0x1c0 ./Middlewares/Third_Party/FreeRTOS/Source/queue.o
                0x0000000008000f6c                xQueueReceive
 .text.prvCopyDataToQueue
                0x000000000800112c       0xd4 ./Middlewares/Third_Party/FreeRTOS/Source/queue.o
 .text.prvCopyDataFromQueue
                0x0000000008001200       0x4c ./Middlewares/Third_Party/FreeRTOS/Source/queue.o
 .text.prvUnlockQueue
                0x000000000800124c       0xa4 ./Middlewares/Third_Party/FreeRTOS/Source/queue.o
 .text.prvIsQueueEmpty
                0x00000000080012f0       0x2c ./Middlewares/Third_Party/FreeRTOS/Source/queue.o
 .text.prvIsQueueFull
                0x000000000800131c       0x30 ./Middlewares/Third_Party/FreeRTOS/Source/queue.o
 .text.vQueueAddToRegistry
                0x000000000800134c       0x54 ./Middlewares/Third_Party/FreeRTOS/Source/queue.o
                0x000000000800134c                vQueueAddToRegistry
 .text.vQueueWaitForMessageRestricted
                0x00000000080013a0       0x68 ./Middlewares/Third_Party/FreeRTOS/Source/queue.o
                0x00000000080013a0                vQueueWaitForMessageRestricted
 .text.xTaskCreateStatic
                0x0000000008001408       0xba ./Middlewares/Third_Party/FreeRTOS/Source/tasks.o
                0x0000000008001408                xTaskCreateStatic
 .text.xTaskCreate
                0x00000000080014c2       0x8a ./Middlewares/Third_Party/FreeRTOS/Source/tasks.o
                0x00000000080014c2                xTaskCreate
 .text.prvInitialiseNewTask
                0x000000000800154c      0x11e ./Middlewares/Third_Party/FreeRTOS/Source/tasks.o
 *fill*         0x000000000800166a        0x2 
 .text.prvAddNewTaskToReadyList
                0x000000000800166c       0xe0 ./Middlewares/Third_Party/FreeRTOS/Source/tasks.o
 .text.vTaskDelay
                0x000000000800174c       0x68 ./Middlewares/Third_Party/FreeRTOS/Source/tasks.o
                0x000000000800174c                vTaskDelay
 .text.vTaskStartScheduler
                0x00000000080017b4       0xcc ./Middlewares/Third_Party/FreeRTOS/Source/tasks.o
                0x00000000080017b4                vTaskStartScheduler
 .text.vTaskSuspendAll
                0x0000000008001880       0x1c ./Middlewares/Third_Party/FreeRTOS/Source/tasks.o
                0x0000000008001880                vTaskSuspendAll
 .text.xTaskResumeAll
                0x000000000800189c      0x13c ./Middlewares/Third_Party/FreeRTOS/Source/tasks.o
                0x000000000800189c                xTaskResumeAll
 .text.xTaskGetTickCount
                0x00000000080019d8       0x20 ./Middlewares/Third_Party/FreeRTOS/Source/tasks.o
                0x00000000080019d8                xTaskGetTickCount
 .text.xTaskIncrementTick
                0x00000000080019f8      0x174 ./Middlewares/Third_Party/FreeRTOS/Source/tasks.o
                0x00000000080019f8                xTaskIncrementTick
 .text.vTaskSwitchContext
                0x0000000008001b6c       0xbc ./Middlewares/Third_Party/FreeRTOS/Source/tasks.o
                0x0000000008001b6c                vTaskSwitchContext
 .text.vTaskPlaceOnEventList
                0x0000000008001c28       0x48 ./Middlewares/Third_Party/FreeRTOS/Source/tasks.o
                0x0000000008001c28                vTaskPlaceOnEventList
 .text.vTaskPlaceOnEventListRestricted
                0x0000000008001c70       0x58 ./Middlewares/Third_Party/FreeRTOS/Source/tasks.o
                0x0000000008001c70                vTaskPlaceOnEventListRestricted
 .text.xTaskRemoveFromEventList
                0x0000000008001cc8       0xc8 ./Middlewares/Third_Party/FreeRTOS/Source/tasks.o
                0x0000000008001cc8                xTaskRemoveFromEventList
 .text.vTaskInternalSetTimeOutState
                0x0000000008001d90       0x2c ./Middlewares/Third_Party/FreeRTOS/Source/tasks.o
                0x0000000008001d90                vTaskInternalSetTimeOutState
 .text.xTaskCheckForTimeOut
                0x0000000008001dbc       0xc4 ./Middlewares/Third_Party/FreeRTOS/Source/tasks.o
                0x0000000008001dbc                xTaskCheckForTimeOut
 .text.vTaskMissedYield
                0x0000000008001e80       0x18 ./Middlewares/Third_Party/FreeRTOS/Source/tasks.o
                0x0000000008001e80                vTaskMissedYield
 .text.prvIdleTask
                0x0000000008001e98       0x30 ./Middlewares/Third_Party/FreeRTOS/Source/tasks.o
 .text.prvInitialiseTaskLists
                0x0000000008001ec8       0x80 ./Middlewares/Third_Party/FreeRTOS/Source/tasks.o
 .text.prvCheckTasksWaitingTermination
                0x0000000008001f48       0x5c ./Middlewares/Third_Party/FreeRTOS/Source/tasks.o
 .text.prvDeleteTCB
                0x0000000008001fa4       0x5e ./Middlewares/Third_Party/FreeRTOS/Source/tasks.o
 *fill*         0x0000000008002002        0x2 
 .text.prvResetNextTaskUnblockTime
                0x0000000008002004       0x40 ./Middlewares/Third_Party/FreeRTOS/Source/tasks.o
 .text.xTaskGetSchedulerState
                0x0000000008002044       0x3c ./Middlewares/Third_Party/FreeRTOS/Source/tasks.o
                0x0000000008002044                xTaskGetSchedulerState
 .text.xTaskPriorityDisinherit
                0x0000000008002080       0xdc ./Middlewares/Third_Party/FreeRTOS/Source/tasks.o
                0x0000000008002080                xTaskPriorityDisinherit
 .text.prvAddCurrentTaskToDelayedList
                0x000000000800215c       0xa8 ./Middlewares/Third_Party/FreeRTOS/Source/tasks.o
 .text.xTimerCreateTimerTask
                0x0000000008002204       0x90 ./Middlewares/Third_Party/FreeRTOS/Source/timers.o
                0x0000000008002204                xTimerCreateTimerTask
 .text.xTimerGenericCommand
                0x0000000008002294       0x9c ./Middlewares/Third_Party/FreeRTOS/Source/timers.o
                0x0000000008002294                xTimerGenericCommand
 .text.prvProcessExpiredTimer
                0x0000000008002330       0x98 ./Middlewares/Third_Party/FreeRTOS/Source/timers.o
 .text.prvTimerTask
                0x00000000080023c8       0x24 ./Middlewares/Third_Party/FreeRTOS/Source/timers.o
 .text.prvProcessTimerOrBlockTask
                0x00000000080023ec       0x9c ./Middlewares/Third_Party/FreeRTOS/Source/timers.o
 .text.prvGetNextExpireTime
                0x0000000008002488       0x48 ./Middlewares/Third_Party/FreeRTOS/Source/timers.o
 .text.prvSampleTimeNow
                0x00000000080024d0       0x40 ./Middlewares/Third_Party/FreeRTOS/Source/timers.o
 .text.prvInsertTimerInActiveList
                0x0000000008002510       0x84 ./Middlewares/Third_Party/FreeRTOS/Source/timers.o
 .text.prvProcessReceivedCommands
                0x0000000008002594      0x1c4 ./Middlewares/Third_Party/FreeRTOS/Source/timers.o
 .text.prvSwitchTimerLists
                0x0000000008002758       0xc8 ./Middlewares/Third_Party/FreeRTOS/Source/timers.o
 .text.prvCheckForValidListAndQueue
                0x0000000008002820       0x80 ./Middlewares/Third_Party/FreeRTOS/Source/timers.o
 .text.pxPortInitialiseStack
                0x00000000080028a0       0x68 ./Middlewares/Third_Party/FreeRTOS/Source/portable/GCC/ARM_CM4F/port.o
                0x00000000080028a0                pxPortInitialiseStack
 .text.prvTaskExitError
                0x0000000008002908       0x58 ./Middlewares/Third_Party/FreeRTOS/Source/portable/GCC/ARM_CM4F/port.o
 .text.SVC_Handler
                0x0000000008002960       0x28 ./Middlewares/Third_Party/FreeRTOS/Source/portable/GCC/ARM_CM4F/port.o
                0x0000000008002960                SVC_Handler
 .text.prvPortStartFirstTask
                0x0000000008002988       0x28 ./Middlewares/Third_Party/FreeRTOS/Source/portable/GCC/ARM_CM4F/port.o
 .text.xPortStartScheduler
                0x00000000080029b0      0x144 ./Middlewares/Third_Party/FreeRTOS/Source/portable/GCC/ARM_CM4F/port.o
                0x00000000080029b0                xPortStartScheduler
 .text.vPortEnterCritical
                0x0000000008002af4       0x60 ./Middlewares/Third_Party/FreeRTOS/Source/portable/GCC/ARM_CM4F/port.o
                0x0000000008002af4                vPortEnterCritical
 .text.vPortExitCritical
                0x0000000008002b54       0x54 ./Middlewares/Third_Party/FreeRTOS/Source/portable/GCC/ARM_CM4F/port.o
                0x0000000008002b54                vPortExitCritical
 *fill*         0x0000000008002ba8        0x8 
 .text.PendSV_Handler
                0x0000000008002bb0       0x68 ./Middlewares/Third_Party/FreeRTOS/Source/portable/GCC/ARM_CM4F/port.o
                0x0000000008002bb0                PendSV_Handler
 .text.xPortSysTickHandler
                0x0000000008002c18       0x44 ./Middlewares/Third_Party/FreeRTOS/Source/portable/GCC/ARM_CM4F/port.o
                0x0000000008002c18                xPortSysTickHandler
 .text.vPortSetupTimerInterrupt
                0x0000000008002c5c       0x48 ./Middlewares/Third_Party/FreeRTOS/Source/portable/GCC/ARM_CM4F/port.o
                0x0000000008002c5c                vPortSetupTimerInterrupt
 .text.vPortEnableVFP
                0x0000000008002ca4       0x14 ./Middlewares/Third_Party/FreeRTOS/Source/portable/GCC/ARM_CM4F/port.o
 .text.vPortValidateInterruptPriority
                0x0000000008002cb8       0x80 ./Middlewares/Third_Party/FreeRTOS/Source/portable/GCC/ARM_CM4F/port.o
                0x0000000008002cb8                vPortValidateInterruptPriority
 .text.pvPortMalloc
                0x0000000008002d38      0x198 ./Middlewares/Third_Party/FreeRTOS/Source/portable/MemMang/heap_4.o
                0x0000000008002d38                pvPortMalloc
 .text.vPortFree
                0x0000000008002ed0       0xc4 ./Middlewares/Third_Party/FreeRTOS/Source/portable/MemMang/heap_4.o
                0x0000000008002ed0                vPortFree
 .text.prvHeapInit
                0x0000000008002f94       0xc4 ./Middlewares/Third_Party/FreeRTOS/Source/portable/MemMang/heap_4.o
 .text.prvInsertBlockIntoFreeList
                0x0000000008003058       0xb4 ./Middlewares/Third_Party/FreeRTOS/Source/portable/MemMang/heap_4.o
 .text.__libc_init_array
                0x000000000800310c       0x48 c:/st/stm32cubeide_1.9.0/stm32cubeide/plugins/com.st.stm32cube.ide.mcu.externaltools.gnu-tools-for-stm32.10.3-2021.10.win32_1.0.0.202111181127/tools/bin/../lib/gcc/arm-none-eabi/10.3.1/../../../../arm-none-eabi/lib/thumb/v7e-m+fp/hard\libc_nano.a(lib_a-init.o)
                0x000000000800310c                __libc_init_array
 .text.memcpy   0x0000000008003154       0x1c c:/st/stm32cubeide_1.9.0/stm32cubeide/plugins/com.st.stm32cube.ide.mcu.externaltools.gnu-tools-for-stm32.10.3-2021.10.win32_1.0.0.202111181127/tools/bin/../lib/gcc/arm-none-eabi/10.3.1/../../../../arm-none-eabi/lib/thumb/v7e-m+fp/hard\libc_nano.a(lib_a-memcpy-stub.o)
                0x0000000008003154                memcpy
 .text.memset   0x0000000008003170       0x10 c:/st/stm32cubeide_1.9.0/stm32cubeide/plugins/com.st.stm32cube.ide.mcu.externaltools.gnu-tools-for-stm32.10.3-2021.10.win32_1.0.0.202111181127/tools/bin/../lib/gcc/arm-none-eabi/10.3.1/../../../../arm-none-eabi/lib/thumb/v7e-m+fp/hard\libc_nano.a(lib_a-memset.o)
                0x0000000008003170                memset
 *(.glue_7)
 .glue_7        0x0000000008003180        0x0 linker stubs
 *(.glue_7t)
 .glue_7t       0x0000000008003180        0x0 linker stubs
 *(.eh_frame)
 .eh_frame      0x0000000008003180        0x0 c:/st/stm32cubeide_1.9.0/stm32cubeide/plugins/com.st.stm32cube.ide.mcu.externaltools.gnu-tools-for-stm32.10.3-2021.10.win32_1.0.0.202111181127/tools/bin/../lib/gcc/arm-none-eabi/10.3.1/thumb/v7e-m+fp/hard/crtbegin.o
 *(.init)
 .init          0x0000000008003180        0x4 c:/st/stm32cubeide_1.9.0/stm32cubeide/plugins/com.st.stm32cube.ide.mcu.externaltools.gnu-tools-for-stm32.10.3-2021.10.win32_1.0.0.202111181127/tools/bin/../lib/gcc/arm-none-eabi/10.3.1/thumb/v7e-m+fp/hard/crti.o
                0x0000000008003180                _init
 .init          0x0000000008003184        0x8 c:/st/stm32cubeide_1.9.0/stm32cubeide/plugins/com.st.stm32cube.ide.mcu.externaltools.gnu-tools-for-stm32.10.3-2021.10.win32_1.0.0.202111181127/tools/bin/../lib/gcc/arm-none-eabi/10.3.1/thumb/v7e-m+fp/hard/crtn.o
 *(.fini)
 .fini          0x000000000800318c        0x4 c:/st/stm32cubeide_1.9.0/stm32cubeide/plugins/com.st.stm32cube.ide.mcu.externaltools.gnu-tools-for-stm32.10.3-2021.10.win32_1.0.0.202111181127/tools/bin/../lib/gcc/arm-none-eabi/10.3.1/thumb/v7e-m+fp/hard/crti.o
                0x000000000800318c                _fini
 .fini          0x0000000008003190        0x8 c:/st/stm32cubeide_1.9.0/stm32cubeide/plugins/com.st.stm32cube.ide.mcu.externaltools.gnu-tools-for-stm32.10.3-2021.10.win32_1.0.0.202111181127/tools/bin/../lib/gcc/arm-none-eabi/10.3.1/thumb/v7e-m+fp/hard/crtn.o
                0x0000000008003198                . = ALIGN (0x4)
                0x0000000008003198                _etext = .

.vfp11_veneer   0x0000000008003198        0x0
 .vfp11_veneer  0x0000000008003198        0x0 linker stubs

.v4_bx          0x0000000008003198        0x0
 .v4_bx         0x0000000008003198        0x0 linker stubs

.iplt           0x0000000008003198        0x0
 .iplt          0x0000000008003198        0x0 c:/st/stm32cubeide_1.9.0/stm32cubeide/plugins/com.st.stm32cube.ide.mcu.externaltools.gnu-tools-for-stm32.10.3-2021.10.win32_1.0.0.202111181127/tools/bin/../lib/gcc/arm-none-eabi/10.3.1/thumb/v7e-m+fp/hard/crtbegin.o

.rodata         0x0000000008003198       0x58
                0x0000000008003198                . = ALIGN (0x4)
 *(.rodata)
 .rodata        0x0000000008003198       0x3f ./Core/Src/main.o
 *fill*         0x00000000080031d7        0x1 
 .rodata        0x00000000080031d8        0x5 ./Middlewares/Third_Party/FreeRTOS/Source/tasks.o
 *fill*         0x00000000080031dd        0x3 
 .rodata        0x00000000080031e0        0xd ./Middlewares/Third_Party/FreeRTOS/Source/timers.o
 *(.rodata*)
                0x00000000080031f0                . = ALIGN (0x4)
 *fill*         0x00000000080031ed        0x3 

.rel.dyn        0x00000000080031f0        0x0
 .rel.iplt      0x00000000080031f0        0x0 c:/st/stm32cubeide_1.9.0/stm32cubeide/plugins/com.st.stm32cube.ide.mcu.externaltools.gnu-tools-for-stm32.10.3-2021.10.win32_1.0.0.202111181127/tools/bin/../lib/gcc/arm-none-eabi/10.3.1/thumb/v7e-m+fp/hard/crtbegin.o

.ARM.extab      0x00000000080031f0        0x0
                0x00000000080031f0                . = ALIGN (0x4)
 *(.ARM.extab* .gnu.linkonce.armextab.*)
                0x00000000080031f0                . = ALIGN (0x4)

.ARM            0x00000000080031f0        0x0
                0x00000000080031f0                . = ALIGN (0x4)
                0x00000000080031f0                __exidx_start = .
 *(.ARM.exidx*)
                0x00000000080031f0                __exidx_end = .
                0x00000000080031f0                . = ALIGN (0x4)

.preinit_array  0x00000000080031f0        0x0
                0x00000000080031f0                . = ALIGN (0x4)
                0x00000000080031f0                PROVIDE (__preinit_array_start = .)
 *(.preinit_array*)
                0x00000000080031f0                PROVIDE (__preinit_array_end = .)
                0x00000000080031f0                . = ALIGN (0x4)

.init_array     0x00000000080031f0        0x4
                0x00000000080031f0                . = ALIGN (0x4)
                0x00000000080031f0                PROVIDE (__init_array_start = .)
 *(SORT_BY_NAME(.init_array.*))
 *(.init_array*)
 .init_array    0x00000000080031f0        0x4 c:/st/stm32cubeide_1.9.0/stm32cubeide/plugins/com.st.stm32cube.ide.mcu.externaltools.gnu-tools-for-stm32.10.3-2021.10.win32_1.0.0.202111181127/tools/bin/../lib/gcc/arm-none-eabi/10.3.1/thumb/v7e-m+fp/hard/crtbegin.o
                0x00000000080031f4                PROVIDE (__init_array_end = .)
                0x00000000080031f4                . = ALIGN (0x4)

.fini_array     0x00000000080031f4        0x4
                0x00000000080031f4                . = ALIGN (0x4)
                [!provide]                        PROVIDE (__fini_array_start = .)
 *(SORT_BY_NAME(.fini_array.*))
 *(.fini_array*)
 .fini_array    0x00000000080031f4        0x4 c:/st/stm32cubeide_1.9.0/stm32cubeide/plugins/com.st.stm32cube.ide.mcu.externaltools.gnu-tools-for-stm32.10.3-2021.10.win32_1.0.0.202111181127/tools/bin/../lib/gcc/arm-none-eabi/10.3.1/thumb/v7e-m+fp/hard/crtbegin.o
                [!provide]                        PROVIDE (__fini_array_end = .)
                0x00000000080031f8                . = ALIGN (0x4)
                0x00000000080031f8                _sidata = LOADADDR (.data)

.data           0x0000000020000000        0x8 load address 0x00000000080031f8
                0x0000000020000000                . = ALIGN (0x4)
                0x0000000020000000                _sdata = .
 *(.data)
 *(.data*)
 .data.SystemCoreClock
                0x0000000020000000        0x4 ./Core/Src/system_stm32f4xx.o
                0x0000000020000000                SystemCoreClock
 .data.uxCriticalNesting
                0x0000000020000004        0x4 ./Middlewares/Third_Party/FreeRTOS/Source/portable/GCC/ARM_CM4F/port.o
 *(.RamFunc)
 *(.RamFunc*)
                0x0000000020000008                . = ALIGN (0x4)
                0x0000000020000008                _edata = .
                0x0000000008003200                _siccmram = LOADADDR (.ccmram)

.igot.plt       0x0000000020000008        0x0 load address 0x0000000008003200
 .igot.plt      0x0000000020000008        0x0 c:/st/stm32cubeide_1.9.0/stm32cubeide/plugins/com.st.stm32cube.ide.mcu.externaltools.gnu-tools-for-stm32.10.3-2021.10.win32_1.0.0.202111181127/tools/bin/../lib/gcc/arm-none-eabi/10.3.1/thumb/v7e-m+fp/hard/crtbegin.o

.ccmram         0x0000000010000000        0x0 load address 0x0000000008003200
                0x0000000010000000                . = ALIGN (0x4)
                0x0000000010000000                _sccmram = .
 *(.ccmram)
 *(.ccmram*)
                0x0000000010000000                . = ALIGN (0x4)
                0x0000000010000000                _eccmram = .
                0x0000000010000000                . = ALIGN (0x4)

.bss            0x0000000020000008     0x49b0
                0x0000000020000008                _sbss = .
                0x0000000020000008                __bss_start__ = _sbss
 *(.bss)
 .bss           0x0000000020000008       0x1c c:/st/stm32cubeide_1.9.0/stm32cubeide/plugins/com.st.stm32cube.ide.mcu.externaltools.gnu-tools-for-stm32.10.3-2021.10.win32_1.0.0.202111181127/tools/bin/../lib/gcc/arm-none-eabi/10.3.1/thumb/v7e-m+fp/hard/crtbegin.o
 *(.bss*)
 .bss.htim1     0x0000000020000024       0x48 ./Core/Src/stm32f4xx_hal_timebase_tim.o
                0x0000000020000024                htim1
 .bss.Idle_TCB.3
                0x000000002000006c       0x5c ./Middlewares/Third_Party/FreeRTOS/Source/CMSIS_RTOS_V2/cmsis_os2.o
 .bss.Idle_Stack.2
                0x00000000200000c8      0x200 ./Middlewares/Third_Party/FreeRTOS/Source/CMSIS_RTOS_V2/cmsis_os2.o
 .bss.Timer_TCB.1
                0x00000000200002c8       0x5c ./Middlewares/Third_Party/FreeRTOS/Source/CMSIS_RTOS_V2/cmsis_os2.o
 .bss.Timer_Stack.0
                0x0000000020000324      0x400 ./Middlewares/Third_Party/FreeRTOS/Source/CMSIS_RTOS_V2/cmsis_os2.o
 .bss.xQueueRegistry
                0x0000000020000724       0x40 ./Middlewares/Third_Party/FreeRTOS/Source/queue.o
                0x0000000020000724                xQueueRegistry
 .bss.pxCurrentTCB
                0x0000000020000764        0x4 ./Middlewares/Third_Party/FreeRTOS/Source/tasks.o
                0x0000000020000764                pxCurrentTCB
 .bss.pxReadyTasksLists
                0x0000000020000768      0x460 ./Middlewares/Third_Party/FreeRTOS/Source/tasks.o
 .bss.xDelayedTaskList1
                0x0000000020000bc8       0x14 ./Middlewares/Third_Party/FreeRTOS/Source/tasks.o
 .bss.xDelayedTaskList2
                0x0000000020000bdc       0x14 ./Middlewares/Third_Party/FreeRTOS/Source/tasks.o
 .bss.pxDelayedTaskList
                0x0000000020000bf0        0x4 ./Middlewares/Third_Party/FreeRTOS/Source/tasks.o
 .bss.pxOverflowDelayedTaskList
                0x0000000020000bf4        0x4 ./Middlewares/Third_Party/FreeRTOS/Source/tasks.o
 .bss.xPendingReadyList
                0x0000000020000bf8       0x14 ./Middlewares/Third_Party/FreeRTOS/Source/tasks.o
 .bss.xTasksWaitingTermination
                0x0000000020000c0c       0x14 ./Middlewares/Third_Party/FreeRTOS/Source/tasks.o
 .bss.uxDeletedTasksWaitingCleanUp
                0x0000000020000c20        0x4 ./Middlewares/Third_Party/FreeRTOS/Source/tasks.o
 .bss.xSuspendedTaskList
                0x0000000020000c24       0x14 ./Middlewares/Third_Party/FreeRTOS/Source/tasks.o
 .bss.uxCurrentNumberOfTasks
                0x0000000020000c38        0x4 ./Middlewares/Third_Party/FreeRTOS/Source/tasks.o
 .bss.xTickCount
                0x0000000020000c3c        0x4 ./Middlewares/Third_Party/FreeRTOS/Source/tasks.o
 .bss.uxTopReadyPriority
                0x0000000020000c40        0x4 ./Middlewares/Third_Party/FreeRTOS/Source/tasks.o
 .bss.xSchedulerRunning
                0x0000000020000c44        0x4 ./Middlewares/Third_Party/FreeRTOS/Source/tasks.o
 .bss.xPendedTicks
                0x0000000020000c48        0x4 ./Middlewares/Third_Party/FreeRTOS/Source/tasks.o
 .bss.xYieldPending
                0x0000000020000c4c        0x4 ./Middlewares/Third_Party/FreeRTOS/Source/tasks.o
 .bss.xNumOfOverflows
                0x0000000020000c50        0x4 ./Middlewares/Third_Party/FreeRTOS/Source/tasks.o
 .bss.uxTaskNumber
                0x0000000020000c54        0x4 ./Middlewares/Third_Party/FreeRTOS/Source/tasks.o
 .bss.xNextTaskUnblockTime
                0x0000000020000c58        0x4 ./Middlewares/Third_Party/FreeRTOS/Source/tasks.o
 .bss.xIdleTaskHandle
                0x0000000020000c5c        0x4 ./Middlewares/Third_Party/FreeRTOS/Source/tasks.o
 .bss.uxSchedulerSuspended
                0x0000000020000c60        0x4 ./Middlewares/Third_Party/FreeRTOS/Source/tasks.o
 .bss.xActiveTimerList1
                0x0000000020000c64       0x14 ./Middlewares/Third_Party/FreeRTOS/Source/timers.o
 .bss.xActiveTimerList2
                0x0000000020000c78       0x14 ./Middlewares/Third_Party/FreeRTOS/Source/timers.o
 .bss.pxCurrentTimerList
                0x0000000020000c8c        0x4 ./Middlewares/Third_Party/FreeRTOS/Source/timers.o
 .bss.pxOverflowTimerList
                0x0000000020000c90        0x4 ./Middlewares/Third_Party/FreeRTOS/Source/timers.o
 .bss.xTimerQueue
                0x0000000020000c94        0x4 ./Middlewares/Third_Party/FreeRTOS/Source/timers.o
 .bss.xTimerTaskHandle
                0x0000000020000c98        0x4 ./Middlewares/Third_Party/FreeRTOS/Source/timers.o
 .bss.xLastTime.2
                0x0000000020000c9c        0x4 ./Middlewares/Third_Party/FreeRTOS/Source/timers.o
 .bss.ucStaticTimerQueueStorage.1
                0x0000000020000ca0       0xa0 ./Middlewares/Third_Party/FreeRTOS/Source/timers.o
 .bss.xStaticTimerQueue.0
                0x0000000020000d40       0x50 ./Middlewares/Third_Party/FreeRTOS/Source/timers.o
 .bss.ucMaxSysCallPriority
                0x0000000020000d90        0x1 ./Middlewares/Third_Party/FreeRTOS/Source/portable/GCC/ARM_CM4F/port.o
 *fill*         0x0000000020000d91        0x3 
 .bss.ulMaxPRIGROUPValue
                0x0000000020000d94        0x4 ./Middlewares/Third_Party/FreeRTOS/Source/portable/GCC/ARM_CM4F/port.o
 .bss.ucHeap    0x0000000020000d98     0x3c00 ./Middlewares/Third_Party/FreeRTOS/Source/portable/MemMang/heap_4.o
 .bss.xStart    0x0000000020004998        0x8 ./Middlewares/Third_Party/FreeRTOS/Source/portable/MemMang/heap_4.o
 .bss.pxEnd     0x00000000200049a0        0x4 ./Middlewares/Third_Party/FreeRTOS/Source/portable/MemMang/heap_4.o
 .bss.xFreeBytesRemaining
                0x00000000200049a4        0x4 ./Middlewares/Third_Party/FreeRTOS/Source/portable/MemMang/heap_4.o
 .bss.xMinimumEverFreeBytesRemaining
                0x00000000200049a8        0x4 ./Middlewares/Third_Party/FreeRTOS/Source/portable/MemMang/heap_4.o
 .bss.xNumberOfSuccessfulAllocations
                0x00000000200049ac        0x4 ./Middlewares/Third_Party/FreeRTOS/Source/portable/MemMang/heap_4.o
 .bss.xNumberOfSuccessfulFrees
                0x00000000200049b0        0x4 ./Middlewares/Third_Party/FreeRTOS/Source/portable/MemMang/heap_4.o
 .bss.xBlockAllocatedBit
                0x00000000200049b4        0x4 ./Middlewares/Third_Party/FreeRTOS/Source/portable/MemMang/heap_4.o
 *(COMMON)
                0x00000000200049b8                . = ALIGN (0x4)
                0x00000000200049b8                _ebss = .
                0x00000000200049b8                __bss_end__ = _ebss

._user_heap_stack
                0x00000000200049b8      0x600
                0x00000000200049b8                . = ALIGN (0x8)
                [!provide]                        PROVIDE (end = .)
                0x00000000200049b8                PROVIDE (_end = .)
                0x0000000020004bb8                . = (. + _Min_Heap_Size)
 *fill*         0x00000000200049b8      0x200 
                0x0000000020004fb8                . = (. + _Min_Stack_Size)
 *fill*         0x0000000020004bb8      0x400 
                0x0000000020004fb8                . = ALIGN (0x8)

/DISCARD/
 libc.a(*)
 libm.a(*)
 libgcc.a(*)

.ARM.attributes
                0x0000000000000000       0x30
 *(.ARM.attributes)
 .ARM.attributes
                0x0000000000000000       0x1e c:/st/stm32cubeide_1.9.0/stm32cubeide/plugins/com.st.stm32cube.ide.mcu.externaltools.gnu-tools-for-stm32.10.3-2021.10.win32_1.0.0.202111181127/tools/bin/../lib/gcc/arm-none-eabi/10.3.1/thumb/v7e-m+fp/hard/crti.o
 .ARM.attributes
                0x000000000000001e       0x34 c:/st/stm32cubeide_1.9.0/stm32cubeide/plugins/com.st.stm32cube.ide.mcu.externaltools.gnu-tools-for-stm32.10.3-2021.10.win32_1.0.0.202111181127/tools/bin/../lib/gcc/arm-none-eabi/10.3.1/thumb/v7e-m+fp/hard/crtbegin.o
 .ARM.attributes
                0x0000000000000052       0x34 ./Core/Src/exti.o
 .ARM.attributes
                0x0000000000000086       0x34 ./Core/Src/led.o
 .ARM.attributes
                0x00000000000000ba       0x34 ./Core/Src/main.o
 .ARM.attributes
                0x00000000000000ee       0x34 ./Core/Src/stm32f4xx_hal_timebase_tim.o
 .ARM.attributes
                0x0000000000000122       0x34 ./Core/Src/stm32f4xx_it.o
 .ARM.attributes
                0x0000000000000156       0x34 ./Core/Src/system_stm32f4xx.o
 .ARM.attributes
                0x000000000000018a       0x34 ./Core/Src/uart.o
 .ARM.attributes
                0x00000000000001be       0x21 ./Core/Startup/startup_stm32f407vgtx.o
 .ARM.attributes
                0x00000000000001df       0x34 ./Drivers/STM32F4xx_HAL_Driver/Src/stm32f4xx_hal_gpio.o
 .ARM.attributes
                0x0000000000000213       0x34 ./Drivers/STM32F4xx_HAL_Driver/Src/stm32f4xx_hal_tim.o
 .ARM.attributes
                0x0000000000000247       0x34 ./Drivers/STM32F4xx_HAL_Driver/Src/stm32f4xx_hal_tim_ex.o
 .ARM.attributes
                0x000000000000027b       0x34 ./Middlewares/Third_Party/FreeRTOS/Source/CMSIS_RTOS_V2/cmsis_os2.o
 .ARM.attributes
                0x00000000000002af       0x34 ./Middlewares/Third_Party/FreeRTOS/Source/list.o
 .ARM.attributes
                0x00000000000002e3       0x34 ./Middlewares/Third_Party/FreeRTOS/Source/queue.o
 .ARM.attributes
                0x0000000000000317       0x34 ./Middlewares/Third_Party/FreeRTOS/Source/tasks.o
 .ARM.attributes
                0x000000000000034b       0x34 ./Middlewares/Third_Party/FreeRTOS/Source/timers.o
 .ARM.attributes
                0x000000000000037f       0x34 ./Middlewares/Third_Party/FreeRTOS/Source/portable/GCC/ARM_CM4F/port.o
 .ARM.attributes
                0x00000000000003b3       0x34 ./Middlewares/Third_Party/FreeRTOS/Source/portable/MemMang/heap_4.o
 .ARM.attributes
                0x00000000000003e7       0x34 c:/st/stm32cubeide_1.9.0/stm32cubeide/plugins/com.st.stm32cube.ide.mcu.externaltools.gnu-tools-for-stm32.10.3-2021.10.win32_1.0.0.202111181127/tools/bin/../lib/gcc/arm-none-eabi/10.3.1/../../../../arm-none-eabi/lib/thumb/v7e-m+fp/hard\libc_nano.a(lib_a-init.o)
 .ARM.attributes
                0x000000000000041b       0x34 c:/st/stm32cubeide_1.9.0/stm32cubeide/plugins/com.st.stm32cube.ide.mcu.externaltools.gnu-tools-for-stm32.10.3-2021.10.win32_1.0.0.202111181127/tools/bin/../lib/gcc/arm-none-eabi/10.3.1/../../../../arm-none-eabi/lib/thumb/v7e-m+fp/hard\libc_nano.a(lib_a-memcpy-stub.o)
 .ARM.attributes
                0x000000000000044f       0x34 c:/st/stm32cubeide_1.9.0/stm32cubeide/plugins/com.st.stm32cube.ide.mcu.externaltools.gnu-tools-for-stm32.10.3-2021.10.win32_1.0.0.202111181127/tools/bin/../lib/gcc/arm-none-eabi/10.3.1/../../../../arm-none-eabi/lib/thumb/v7e-m+fp/hard\libc_nano.a(lib_a-memset.o)
 .ARM.attributes
                0x0000000000000483       0x1e c:/st/stm32cubeide_1.9.0/stm32cubeide/plugins/com.st.stm32cube.ide.mcu.externaltools.gnu-tools-for-stm32.10.3-2021.10.win32_1.0.0.202111181127/tools/bin/../lib/gcc/arm-none-eabi/10.3.1/thumb/v7e-m+fp/hard/crtn.o
OUTPUT(23_FreeRtos_Create_Task.elf elf32-littlearm)
LOAD linker stubs
LOAD c:/st/stm32cubeide_1.9.0/stm32cubeide/plugins/com.st.stm32cube.ide.mcu.externaltools.gnu-tools-for-stm32.10.3-2021.10.win32_1.0.0.202111181127/tools/bin/../lib/gcc/arm-none-eabi/10.3.1/../../../../arm-none-eabi/lib/thumb/v7e-m+fp/hard\libc.a
LOAD c:/st/stm32cubeide_1.9.0/stm32cubeide/plugins/com.st.stm32cube.ide.mcu.externaltools.gnu-tools-for-stm32.10.3-2021.10.win32_1.0.0.202111181127/tools/bin/../lib/gcc/arm-none-eabi/10.3.1/../../../../arm-none-eabi/lib/thumb/v7e-m+fp/hard\libm.a
LOAD c:/st/stm32cubeide_1.9.0/stm32cubeide/plugins/com.st.stm32cube.ide.mcu.externaltools.gnu-tools-for-stm32.10.3-2021.10.win32_1.0.0.202111181127/tools/bin/../lib/gcc/arm-none-eabi/10.3.1/thumb/v7e-m+fp/hard\libgcc.a

.debug_info     0x0000000000000000    0x111fe
 .debug_info    0x0000000000000000      0x77e ./Core/Src/exti.o
 .debug_info    0x000000000000077e      0x387 ./Core/Src/led.o
 .debug_info    0x0000000000000b05      0x261 ./Core/Src/main.o
 .debug_info    0x0000000000000d66      0xc21 ./Core/Src/stm32f4xx_hal_timebase_tim.o
 .debug_info    0x0000000000001987      0x6f8 ./Core/Src/stm32f4xx_it.o
 .debug_info    0x000000000000207f      0x523 ./Core/Src/system_stm32f4xx.o
 .debug_info    0x00000000000025a2      0x48c ./Core/Src/uart.o
 .debug_info    0x0000000000002a2e       0x22 ./Core/Startup/startup_stm32f407vgtx.o
 .debug_info    0x0000000000002a50      0x76a ./Drivers/STM32F4xx_HAL_Driver/Src/stm32f4xx_hal_gpio.o
 .debug_info    0x00000000000031ba     0x2bbe ./Drivers/STM32F4xx_HAL_Driver/Src/stm32f4xx_hal_tim.o
 .debug_info    0x0000000000005d78     0x15e0 ./Drivers/STM32F4xx_HAL_Driver/Src/stm32f4xx_hal_tim_ex.o
 .debug_info    0x0000000000007358     0x3c30 ./Middlewares/Third_Party/FreeRTOS/Source/CMSIS_RTOS_V2/cmsis_os2.o
 .debug_info    0x000000000000af88      0x2d1 ./Middlewares/Third_Party/FreeRTOS/Source/list.o
 .debug_info    0x000000000000b259     0x1cbf ./Middlewares/Third_Party/FreeRTOS/Source/queue.o
 .debug_info    0x000000000000cf18     0x2362 ./Middlewares/Third_Party/FreeRTOS/Source/tasks.o
 .debug_info    0x000000000000f27a     0x1572 ./Middlewares/Third_Party/FreeRTOS/Source/timers.o
 .debug_info    0x00000000000107ec      0x507 ./Middlewares/Third_Party/FreeRTOS/Source/portable/GCC/ARM_CM4F/port.o
 .debug_info    0x0000000000010cf3      0x50b ./Middlewares/Third_Party/FreeRTOS/Source/portable/MemMang/heap_4.o

.debug_abbrev   0x0000000000000000     0x24d2
 .debug_abbrev  0x0000000000000000      0x15d ./Core/Src/exti.o
 .debug_abbrev  0x000000000000015d       0xea ./Core/Src/led.o
 .debug_abbrev  0x0000000000000247      0x189 ./Core/Src/main.o
 .debug_abbrev  0x00000000000003d0      0x1d3 ./Core/Src/stm32f4xx_hal_timebase_tim.o
 .debug_abbrev  0x00000000000005a3      0x171 ./Core/Src/stm32f4xx_it.o
 .debug_abbrev  0x0000000000000714      0x116 ./Core/Src/system_stm32f4xx.o
 .debug_abbrev  0x000000000000082a      0x14f ./Core/Src/uart.o
 .debug_abbrev  0x0000000000000979       0x12 ./Core/Startup/startup_stm32f407vgtx.o
 .debug_abbrev  0x000000000000098b      0x1c4 ./Drivers/STM32F4xx_HAL_Driver/Src/stm32f4xx_hal_gpio.o
 .debug_abbrev  0x0000000000000b4f      0x25d ./Drivers/STM32F4xx_HAL_Driver/Src/stm32f4xx_hal_tim.o
 .debug_abbrev  0x0000000000000dac      0x265 ./Drivers/STM32F4xx_HAL_Driver/Src/stm32f4xx_hal_tim_ex.o
 .debug_abbrev  0x0000000000001011      0x500 ./Middlewares/Third_Party/FreeRTOS/Source/CMSIS_RTOS_V2/cmsis_os2.o
 .debug_abbrev  0x0000000000001511       0xf2 ./Middlewares/Third_Party/FreeRTOS/Source/list.o
 .debug_abbrev  0x0000000000001603      0x3a1 ./Middlewares/Third_Party/FreeRTOS/Source/queue.o
 .debug_abbrev  0x00000000000019a4      0x37d ./Middlewares/Third_Party/FreeRTOS/Source/tasks.o
 .debug_abbrev  0x0000000000001d21      0x346 ./Middlewares/Third_Party/FreeRTOS/Source/timers.o
 .debug_abbrev  0x0000000000002067      0x259 ./Middlewares/Third_Party/FreeRTOS/Source/portable/GCC/ARM_CM4F/port.o
 .debug_abbrev  0x00000000000022c0      0x212 ./Middlewares/Third_Party/FreeRTOS/Source/portable/MemMang/heap_4.o

.debug_aranges  0x0000000000000000      0xf48
 .debug_aranges
                0x0000000000000000       0x28 ./Core/Src/exti.o
 .debug_aranges
                0x0000000000000028       0x38 ./Core/Src/led.o
 .debug_aranges
                0x0000000000000060       0x30 ./Core/Src/main.o
 .debug_aranges
                0x0000000000000090       0x30 ./Core/Src/stm32f4xx_hal_timebase_tim.o
 .debug_aranges
                0x00000000000000c0       0x50 ./Core/Src/stm32f4xx_it.o
 .debug_aranges
                0x0000000000000110       0x28 ./Core/Src/system_stm32f4xx.o
 .debug_aranges
                0x0000000000000138       0x40 ./Core/Src/uart.o
 .debug_aranges
                0x0000000000000178       0x28 ./Core/Startup/startup_stm32f407vgtx.o
 .debug_aranges
                0x00000000000001a0       0x58 ./Drivers/STM32F4xx_HAL_Driver/Src/stm32f4xx_hal_gpio.o
 .debug_aranges
                0x00000000000001f8      0x3d0 ./Drivers/STM32F4xx_HAL_Driver/Src/stm32f4xx_hal_tim.o
 .debug_aranges
                0x00000000000005c8      0x168 ./Drivers/STM32F4xx_HAL_Driver/Src/stm32f4xx_hal_tim_ex.o
 .debug_aranges
                0x0000000000000730      0x2b0 ./Middlewares/Third_Party/FreeRTOS/Source/CMSIS_RTOS_V2/cmsis_os2.o
 .debug_aranges
                0x00000000000009e0       0x40 ./Middlewares/Third_Party/FreeRTOS/Source/list.o
 .debug_aranges
                0x0000000000000a20      0x158 ./Middlewares/Third_Party/FreeRTOS/Source/queue.o
 .debug_aranges
                0x0000000000000b78      0x208 ./Middlewares/Third_Party/FreeRTOS/Source/tasks.o
 .debug_aranges
                0x0000000000000d80       0xf0 ./Middlewares/Third_Party/FreeRTOS/Source/timers.o
 .debug_aranges
                0x0000000000000e70       0x80 ./Middlewares/Third_Party/FreeRTOS/Source/portable/GCC/ARM_CM4F/port.o
 .debug_aranges
                0x0000000000000ef0       0x58 ./Middlewares/Third_Party/FreeRTOS/Source/portable/MemMang/heap_4.o

.debug_ranges   0x0000000000000000      0xe30
 .debug_ranges  0x0000000000000000       0x18 ./Core/Src/exti.o
 .debug_ranges  0x0000000000000018       0x28 ./Core/Src/led.o
 .debug_ranges  0x0000000000000040       0x20 ./Core/Src/main.o
 .debug_ranges  0x0000000000000060       0x20 ./Core/Src/stm32f4xx_hal_timebase_tim.o
 .debug_ranges  0x0000000000000080       0x40 ./Core/Src/stm32f4xx_it.o
 .debug_ranges  0x00000000000000c0       0x18 ./Core/Src/system_stm32f4xx.o
 .debug_ranges  0x00000000000000d8       0x30 ./Core/Src/uart.o
 .debug_ranges  0x0000000000000108       0x20 ./Core/Startup/startup_stm32f407vgtx.o
 .debug_ranges  0x0000000000000128       0x48 ./Drivers/STM32F4xx_HAL_Driver/Src/stm32f4xx_hal_gpio.o
 .debug_ranges  0x0000000000000170      0x3c0 ./Drivers/STM32F4xx_HAL_Driver/Src/stm32f4xx_hal_tim.o
 .debug_ranges  0x0000000000000530      0x158 ./Drivers/STM32F4xx_HAL_Driver/Src/stm32f4xx_hal_tim_ex.o
 .debug_ranges  0x0000000000000688      0x2a0 ./Middlewares/Third_Party/FreeRTOS/Source/CMSIS_RTOS_V2/cmsis_os2.o
 .debug_ranges  0x0000000000000928       0x30 ./Middlewares/Third_Party/FreeRTOS/Source/list.o
 .debug_ranges  0x0000000000000958      0x148 ./Middlewares/Third_Party/FreeRTOS/Source/queue.o
 .debug_ranges  0x0000000000000aa0      0x1f8 ./Middlewares/Third_Party/FreeRTOS/Source/tasks.o
 .debug_ranges  0x0000000000000c98       0xe0 ./Middlewares/Third_Party/FreeRTOS/Source/timers.o
 .debug_ranges  0x0000000000000d78       0x70 ./Middlewares/Third_Party/FreeRTOS/Source/portable/GCC/ARM_CM4F/port.o
 .debug_ranges  0x0000000000000de8       0x48 ./Middlewares/Third_Party/FreeRTOS/Source/portable/MemMang/heap_4.o

.debug_macro    0x0000000000000000    0x213ba
 .debug_macro   0x0000000000000000      0x1ea ./Core/Src/exti.o
 .debug_macro   0x00000000000001ea      0xa78 ./Core/Src/exti.o
 .debug_macro   0x0000000000000c62       0x2e ./Core/Src/exti.o
 .debug_macro   0x0000000000000c90       0x2f ./Core/Src/exti.o
 .debug_macro   0x0000000000000cbf       0x22 ./Core/Src/exti.o
 .debug_macro   0x0000000000000ce1       0x8e ./Core/Src/exti.o
 .debug_macro   0x0000000000000d6f       0x51 ./Core/Src/exti.o
 .debug_macro   0x0000000000000dc0      0x103 ./Core/Src/exti.o
 .debug_macro   0x0000000000000ec3       0x6a ./Core/Src/exti.o
 .debug_macro   0x0000000000000f2d      0x1df ./Core/Src/exti.o
 .debug_macro   0x000000000000110c       0x1c ./Core/Src/exti.o
 .debug_macro   0x0000000000001128       0x22 ./Core/Src/exti.o
 .debug_macro   0x000000000000114a       0xd9 ./Core/Src/exti.o
 .debug_macro   0x0000000000001223     0x102d ./Core/Src/exti.o
 .debug_macro   0x0000000000002250      0x11f ./Core/Src/exti.o
 .debug_macro   0x000000000000236f    0x15e82 ./Core/Src/exti.o
 .debug_macro   0x00000000000181f1       0x6d ./Core/Src/exti.o
 .debug_macro   0x000000000001825e      0x29b ./Core/Src/exti.o
 .debug_macro   0x00000000000184f9     0x367e ./Core/Src/exti.o
 .debug_macro   0x000000000001bb77      0x174 ./Core/Src/exti.o
 .debug_macro   0x000000000001bceb       0x5c ./Core/Src/exti.o
 .debug_macro   0x000000000001bd47      0x96b ./Core/Src/exti.o
 .debug_macro   0x000000000001c6b2      0x9fe ./Core/Src/exti.o
 .debug_macro   0x000000000001d0b0      0x115 ./Core/Src/exti.o
 .debug_macro   0x000000000001d1c5      0x13e ./Core/Src/exti.o
 .debug_macro   0x000000000001d303       0xa5 ./Core/Src/exti.o
 .debug_macro   0x000000000001d3a8      0x174 ./Core/Src/exti.o
 .debug_macro   0x000000000001d51c      0x287 ./Core/Src/exti.o
 .debug_macro   0x000000000001d7a3       0x5f ./Core/Src/exti.o
 .debug_macro   0x000000000001d802      0x236 ./Core/Src/exti.o
 .debug_macro   0x000000000001da38      0x12c ./Core/Src/exti.o
 .debug_macro   0x000000000001db64      0x21e ./Core/Src/exti.o
 .debug_macro   0x000000000001dd82       0x2e ./Core/Src/exti.o
 .debug_macro   0x000000000001ddb0      0x11a ./Core/Src/exti.o
 .debug_macro   0x000000000001deca       0x7e ./Core/Src/exti.o
 .debug_macro   0x000000000001df48       0x89 ./Core/Src/exti.o
 .debug_macro   0x000000000001dfd1      0x8e6 ./Core/Src/exti.o
 .debug_macro   0x000000000001e8b7       0x47 ./Core/Src/exti.o
 .debug_macro   0x000000000001e8fe      0x295 ./Core/Src/exti.o
 .debug_macro   0x000000000001eb93      0x12d ./Core/Src/exti.o
 .debug_macro   0x000000000001ecc0      0x1d7 ./Core/Src/led.o
 .debug_macro   0x000000000001ee97       0x22 ./Core/Src/led.o
 .debug_macro   0x000000000001eeb9      0x257 ./Core/Src/main.o
 .debug_macro   0x000000000001f110      0x169 ./Core/Src/main.o
 .debug_macro   0x000000000001f279       0x34 ./Core/Src/main.o
 .debug_macro   0x000000000001f2ad      0x1ce ./Core/Src/stm32f4xx_hal_timebase_tim.o
 .debug_macro   0x000000000001f47b      0x1e7 ./Core/Src/stm32f4xx_it.o
 .debug_macro   0x000000000001f662      0x1ce ./Core/Src/system_stm32f4xx.o
 .debug_macro   0x000000000001f830      0x1cb ./Core/Src/uart.o
 .debug_macro   0x000000000001f9fb       0x52 ./Core/Src/uart.o
 .debug_macro   0x000000000001fa4d       0x10 ./Core/Src/uart.o
 .debug_macro   0x000000000001fa5d       0x20 ./Core/Src/uart.o
 .debug_macro   0x000000000001fa7d      0x1d4 ./Drivers/STM32F4xx_HAL_Driver/Src/stm32f4xx_hal_gpio.o
 .debug_macro   0x000000000001fc51      0x1cf ./Drivers/STM32F4xx_HAL_Driver/Src/stm32f4xx_hal_tim.o
 .debug_macro   0x000000000001fe20      0x1ce ./Drivers/STM32F4xx_HAL_Driver/Src/stm32f4xx_hal_tim_ex.o
 .debug_macro   0x000000000001ffee      0x3c5 ./Middlewares/Third_Party/FreeRTOS/Source/CMSIS_RTOS_V2/cmsis_os2.o
 .debug_macro   0x00000000000203b3       0x10 ./Middlewares/Third_Party/FreeRTOS/Source/CMSIS_RTOS_V2/cmsis_os2.o
 .debug_macro   0x00000000000203c3       0x74 ./Middlewares/Third_Party/FreeRTOS/Source/CMSIS_RTOS_V2/cmsis_os2.o
 .debug_macro   0x0000000000020437       0xd3 ./Middlewares/Third_Party/FreeRTOS/Source/CMSIS_RTOS_V2/cmsis_os2.o
 .debug_macro   0x000000000002050a       0x91 ./Middlewares/Third_Party/FreeRTOS/Source/CMSIS_RTOS_V2/cmsis_os2.o
 .debug_macro   0x000000000002059b       0x8d ./Middlewares/Third_Party/FreeRTOS/Source/CMSIS_RTOS_V2/cmsis_os2.o
 .debug_macro   0x0000000000020628       0x9a ./Middlewares/Third_Party/FreeRTOS/Source/CMSIS_RTOS_V2/cmsis_os2.o
 .debug_macro   0x00000000000206c2       0x22 ./Middlewares/Third_Party/FreeRTOS/Source/CMSIS_RTOS_V2/cmsis_os2.o
 .debug_macro   0x00000000000206e4       0x56 ./Middlewares/Third_Party/FreeRTOS/Source/CMSIS_RTOS_V2/cmsis_os2.o
 .debug_macro   0x000000000002073a      0x187 ./Middlewares/Third_Party/FreeRTOS/Source/list.o
 .debug_macro   0x00000000000208c1      0x216 ./Middlewares/Third_Party/FreeRTOS/Source/queue.o
 .debug_macro   0x0000000000020ad7       0x16 ./Middlewares/Third_Party/FreeRTOS/Source/queue.o
 .debug_macro   0x0000000000020aed       0x87 ./Middlewares/Third_Party/FreeRTOS/Source/queue.o
 .debug_macro   0x0000000000020b74      0x27f ./Middlewares/Third_Party/FreeRTOS/Source/tasks.o
 .debug_macro   0x0000000000020df3       0x10 ./Middlewares/Third_Party/FreeRTOS/Source/tasks.o
 .debug_macro   0x0000000000020e03      0x1dc ./Middlewares/Third_Party/FreeRTOS/Source/timers.o
 .debug_macro   0x0000000000020fdf       0x97 ./Middlewares/Third_Party/FreeRTOS/Source/timers.o
 .debug_macro   0x0000000000021076      0x196 ./Middlewares/Third_Party/FreeRTOS/Source/portable/GCC/ARM_CM4F/port.o
 .debug_macro   0x000000000002120c      0x1ae ./Middlewares/Third_Party/FreeRTOS/Source/portable/MemMang/heap_4.o

.debug_line     0x0000000000000000    0x10ada
 .debug_line    0x0000000000000000      0x6ff ./Core/Src/exti.o
 .debug_line    0x00000000000006ff      0x701 ./Core/Src/led.o
 .debug_line    0x0000000000000e00      0x815 ./Core/Src/main.o
 .debug_line    0x0000000000001615      0x717 ./Core/Src/stm32f4xx_hal_timebase_tim.o
 .debug_line    0x0000000000001d2c      0x754 ./Core/Src/stm32f4xx_it.o
 .debug_line    0x0000000000002480      0x739 ./Core/Src/system_stm32f4xx.o
 .debug_line    0x0000000000002bb9      0x65c ./Core/Src/uart.o
 .debug_line    0x0000000000003215       0x88 ./Core/Startup/startup_stm32f407vgtx.o
 .debug_line    0x000000000000329d      0xb13 ./Drivers/STM32F4xx_HAL_Driver/Src/stm32f4xx_hal_gpio.o
 .debug_line    0x0000000000003db0     0x3693 ./Drivers/STM32F4xx_HAL_Driver/Src/stm32f4xx_hal_tim.o
 .debug_line    0x0000000000007443     0x199c ./Drivers/STM32F4xx_HAL_Driver/Src/stm32f4xx_hal_tim_ex.o
 .debug_line    0x0000000000008ddf     0x23b0 ./Middlewares/Third_Party/FreeRTOS/Source/CMSIS_RTOS_V2/cmsis_os2.o
 .debug_line    0x000000000000b18f      0x6f8 ./Middlewares/Third_Party/FreeRTOS/Source/list.o
 .debug_line    0x000000000000b887     0x16c2 ./Middlewares/Third_Party/FreeRTOS/Source/queue.o
 .debug_line    0x000000000000cf49     0x1d77 ./Middlewares/Third_Party/FreeRTOS/Source/tasks.o
 .debug_line    0x000000000000ecc0      0xd58 ./Middlewares/Third_Party/FreeRTOS/Source/timers.o
 .debug_line    0x000000000000fa18      0x7a0 ./Middlewares/Third_Party/FreeRTOS/Source/portable/GCC/ARM_CM4F/port.o
 .debug_line    0x00000000000101b8      0x922 ./Middlewares/Third_Party/FreeRTOS/Source/portable/MemMang/heap_4.o

.debug_str      0x0000000000000000    0xd2880
 .debug_str     0x0000000000000000    0xc3ac6 ./Core/Src/exti.o
                                      0xc3d85 (size before relaxing)
 .debug_str     0x00000000000c3ac6       0x9e ./Core/Src/led.o
                                      0xc3837 (size before relaxing)
 .debug_str     0x00000000000c3b64     0x3f0b ./Core/Src/main.o
                                      0xc7620 (size before relaxing)
 .debug_str     0x00000000000c7a6f      0x61f ./Core/Src/stm32f4xx_hal_timebase_tim.o
                                      0xc4320 (size before relaxing)
 .debug_str     0x00000000000c808e       0xbe ./Core/Src/stm32f4xx_it.o
                                      0xc3c79 (size before relaxing)
 .debug_str     0x00000000000c814c       0xdb ./Core/Src/system_stm32f4xx.o
                                      0xc384b (size before relaxing)
 .debug_str     0x00000000000c8227     0x2e8f ./Core/Src/uart.o
                                      0x8ac47 (size before relaxing)
 .debug_str     0x00000000000cb0b6       0x36 ./Core/Startup/startup_stm32f407vgtx.o
                                         0x8a (size before relaxing)
 .debug_str     0x00000000000cb0ec      0x171 ./Drivers/STM32F4xx_HAL_Driver/Src/stm32f4xx_hal_gpio.o
                                      0xc39c6 (size before relaxing)
 .debug_str     0x00000000000cb25d      0xe8c ./Drivers/STM32F4xx_HAL_Driver/Src/stm32f4xx_hal_tim.o
                                      0xc4bc5 (size before relaxing)
 .debug_str     0x00000000000cc0e9      0x503 ./Drivers/STM32F4xx_HAL_Driver/Src/stm32f4xx_hal_tim_ex.o
                                      0xc43e1 (size before relaxing)
 .debug_str     0x00000000000cc5ec     0x373a ./Middlewares/Third_Party/FreeRTOS/Source/CMSIS_RTOS_V2/cmsis_os2.o
                                      0xce13e (size before relaxing)
 .debug_str     0x00000000000cfd26      0x20f ./Middlewares/Third_Party/FreeRTOS/Source/list.o
                                       0xa67e (size before relaxing)
 .debug_str     0x00000000000cff35      0x892 ./Middlewares/Third_Party/FreeRTOS/Source/queue.o
                                       0xc1be (size before relaxing)
 .debug_str     0x00000000000d07c7     0x1063 ./Middlewares/Third_Party/FreeRTOS/Source/tasks.o
                                       0xcc7b (size before relaxing)
 .debug_str     0x00000000000d182a      0x5af ./Middlewares/Third_Party/FreeRTOS/Source/timers.o
                                       0xc6f0 (size before relaxing)
 .debug_str     0x00000000000d1dd9      0x783 ./Middlewares/Third_Party/FreeRTOS/Source/portable/GCC/ARM_CM4F/port.o
                                       0x85ef (size before relaxing)
 .debug_str     0x00000000000d255c      0x324 ./Middlewares/Third_Party/FreeRTOS/Source/portable/MemMang/heap_4.o
                                       0xafc0 (size before relaxing)

.comment        0x0000000000000000       0x50
 .comment       0x0000000000000000       0x50 ./Core/Src/exti.o
                                         0x51 (size before relaxing)
 .comment       0x0000000000000050       0x51 ./Core/Src/led.o
 .comment       0x0000000000000050       0x51 ./Core/Src/main.o
 .comment       0x0000000000000050       0x51 ./Core/Src/stm32f4xx_hal_timebase_tim.o
 .comment       0x0000000000000050       0x51 ./Core/Src/stm32f4xx_it.o
 .comment       0x0000000000000050       0x51 ./Core/Src/system_stm32f4xx.o
 .comment       0x0000000000000050       0x51 ./Core/Src/uart.o
 .comment       0x0000000000000050       0x51 ./Drivers/STM32F4xx_HAL_Driver/Src/stm32f4xx_hal_gpio.o
 .comment       0x0000000000000050       0x51 ./Drivers/STM32F4xx_HAL_Driver/Src/stm32f4xx_hal_tim.o
 .comment       0x0000000000000050       0x51 ./Drivers/STM32F4xx_HAL_Driver/Src/stm32f4xx_hal_tim_ex.o
 .comment       0x0000000000000050       0x51 ./Middlewares/Third_Party/FreeRTOS/Source/CMSIS_RTOS_V2/cmsis_os2.o
 .comment       0x0000000000000050       0x51 ./Middlewares/Third_Party/FreeRTOS/Source/list.o
 .comment       0x0000000000000050       0x51 ./Middlewares/Third_Party/FreeRTOS/Source/queue.o
 .comment       0x0000000000000050       0x51 ./Middlewares/Third_Party/FreeRTOS/Source/tasks.o
 .comment       0x0000000000000050       0x51 ./Middlewares/Third_Party/FreeRTOS/Source/timers.o
 .comment       0x0000000000000050       0x51 ./Middlewares/Third_Party/FreeRTOS/Source/portable/GCC/ARM_CM4F/port.o
 .comment       0x0000000000000050       0x51 ./Middlewares/Third_Party/FreeRTOS/Source/portable/MemMang/heap_4.o

.debug_frame    0x0000000000000000     0x3fcc
 .debug_frame   0x0000000000000000       0x54 ./Core/Src/exti.o
 .debug_frame   0x0000000000000054       0x8c ./Core/Src/led.o
 .debug_frame   0x00000000000000e0       0x70 ./Core/Src/main.o
 .debug_frame   0x0000000000000150       0x74 ./Core/Src/stm32f4xx_hal_timebase_tim.o
 .debug_frame   0x00000000000001c4       0xc4 ./Core/Src/stm32f4xx_it.o
 .debug_frame   0x0000000000000288       0x58 ./Core/Src/system_stm32f4xx.o
 .debug_frame   0x00000000000002e0       0xc4 ./Core/Src/uart.o
 .debug_frame   0x00000000000003a4      0x14c ./Drivers/STM32F4xx_HAL_Driver/Src/stm32f4xx_hal_gpio.o
 .debug_frame   0x00000000000004f0     0x11c4 ./Drivers/STM32F4xx_HAL_Driver/Src/stm32f4xx_hal_tim.o
 .debug_frame   0x00000000000016b4      0x638 ./Drivers/STM32F4xx_HAL_Driver/Src/stm32f4xx_hal_tim_ex.o
 .debug_frame   0x0000000000001cec      0xbe4 ./Middlewares/Third_Party/FreeRTOS/Source/CMSIS_RTOS_V2/cmsis_os2.o
 .debug_frame   0x00000000000028d0       0xd8 ./Middlewares/Third_Party/FreeRTOS/Source/list.o
 .debug_frame   0x00000000000029a8      0x5ec ./Middlewares/Third_Party/FreeRTOS/Source/queue.o
 .debug_frame   0x0000000000002f94      0x8f0 ./Middlewares/Third_Party/FreeRTOS/Source/tasks.o
 .debug_frame   0x0000000000003884      0x400 ./Middlewares/Third_Party/FreeRTOS/Source/timers.o
 .debug_frame   0x0000000000003c84      0x1a8 ./Middlewares/Third_Party/FreeRTOS/Source/portable/GCC/ARM_CM4F/port.o
 .debug_frame   0x0000000000003e2c      0x12c ./Middlewares/Third_Party/FreeRTOS/Source/portable/MemMang/heap_4.o
 .debug_frame   0x0000000000003f58       0x2c c:/st/stm32cubeide_1.9.0/stm32cubeide/plugins/com.st.stm32cube.ide.mcu.externaltools.gnu-tools-for-stm32.10.3-2021.10.win32_1.0.0.202111181127/tools/bin/../lib/gcc/arm-none-eabi/10.3.1/../../../../arm-none-eabi/lib/thumb/v7e-m+fp/hard\libc_nano.a(lib_a-init.o)
 .debug_frame   0x0000000000003f84       0x28 c:/st/stm32cubeide_1.9.0/stm32cubeide/plugins/com.st.stm32cube.ide.mcu.externaltools.gnu-tools-for-stm32.10.3-2021.10.win32_1.0.0.202111181127/tools/bin/../lib/gcc/arm-none-eabi/10.3.1/../../../../arm-none-eabi/lib/thumb/v7e-m+fp/hard\libc_nano.a(lib_a-memcpy-stub.o)
 .debug_frame   0x0000000000003fac       0x20 c:/st/stm32cubeide_1.9.0/stm32cubeide/plugins/com.st.stm32cube.ide.mcu.externaltools.gnu-tools-for-stm32.10.3-2021.10.win32_1.0.0.202111181127/tools/bin/../lib/gcc/arm-none-eabi/10.3.1/../../../../arm-none-eabi/lib/thumb/v7e-m+fp/hard\libc_nano.a(lib_a-memset.o)
